NATIVE GAME/RELAY PROTOCOL EXCERPT

Game listener:
.amp/tmp/jftse-tournament/native-continuation/e2e/game-valid-native-completion-attempt4.log:2026-08-12T18:39:18+0000 e2b.local amp-svc-jftse-tfn2-game-restart[538469]: CMSGStartGame { "id": "0x177B", "len": 0, "data": { } }
.amp/tmp/jftse-tournament/native-continuation/e2e/game-valid-native-completion-attempt4.log:2026-08-12T18:39:19+0000 e2b.local amp-svc-jftse-tfn2-game-restart[538469]: SMSGUnsetHost { "id": "0x17D6", "len": 1, "data": { "result": 0 } }
.amp/tmp/jftse-tournament/native-continuation/e2e/game-valid-native-completion-attempt4.log:2026-08-12T18:39:19+0000 e2b.local amp-svc-jftse-tfn2-game-restart[538469]: Packet { "id": "0x3EA", "len": 42, "data": 31 00 32 00 37 00 2E 00 30 00 2E 00 30 00 2E 00 31 00 00 00 08 17 73 D0 00 00 01 00 00 00 02 00 00 00 00 00 00 00 00 00 00 00 }
.amp/tmp/jftse-tournament/native-continuation/e2e/game-valid-native-completion-attempt4.log:2026-08-12T18:39:19+0000 e2b.local amp-svc-jftse-tfn2-game-restart[538469]: SMSGUnsetHost { "id": "0x17D6", "len": 1, "data": { "result": 0 } }
.amp/tmp/jftse-tournament/native-continuation/e2e/game-valid-native-completion-attempt4.log:2026-08-12T18:39:19+0000 e2b.local amp-svc-jftse-tfn2-game-restart[538469]: Packet { "id": "0x3EA", "len": 42, "data": 31 00 32 00 37 00 2E 00 30 00 2E 00 30 00 2E 00 31 00 00 00 08 17 73 D0 00 00 02 00 00 00 01 00 00 00 00 00 00 00 00 00 00 00 }
.amp/tmp/jftse-tournament/native-continuation/e2e/game-valid-native-completion-attempt4.log:2026-08-12T18:39:19+0000 e2b.local amp-svc-jftse-tfn2-game-restart[538469]: CMSGConnectedToRelay { "id": "0x3F3", "len": 0, "data": { } }
.amp/tmp/jftse-tournament/native-continuation/e2e/game-valid-native-completion-attempt4.log:2026-08-12T18:39:19+0000 e2b.local amp-svc-jftse-tfn2-game-restart[538469]: CMSGConnectedToRelay { "id": "0x3F3", "len": 0, "data": { } }
.amp/tmp/jftse-tournament/native-continuation/e2e/game-completed-valid-attempt4.log:2026-08-12T18:44:17+0000 e2b.local amp-svc-jftse-tfn2-game-restart[538469]: CMSGPoint { "id": "0x183F", "len": 4, "data": { "pointsTeam": 0, "unk0": 0, "ballState": 4, "playerPosition": 0 } }

Relay listener near final point (two connections and cross-broadcast):
2026-08-12T18:44:16+0000 e2b.local amp-svc-jftse-tfn2-relay[537804]: CMSGRelay { "id": "0x414", "len": 19, "data": { "packet": "00 00 00 00 C9 32 0B 00 00 00 30 F8 2C CF 00 00 00 00 00" } }
2026-08-12T18:44:16+0000 e2b.local amp-svc-jftse-tfn2-relay[537804]: SMSGPlayerAnimation { "id": "0x32C9", "len": 11, "data": { "playerPosition": 0, "absoluteXPositionOnMap": -2000, "absoluteYPositionOnMap": -12500, "relativeXMovement": 0, "relativeYMovement": 0, "animationType": 0 } }
2026-08-12T18:44:16+0000 e2b.local amp-svc-jftse-tfn2-relay[537804]: SMSGPlayerAnimation { "id": "0x32C9", "len": 11, "data": { "playerPosition": 0, "absoluteXPositionOnMap": -2000, "absoluteYPositionOnMap": -12500, "relativeXMovement": 0, "relativeYMovement": 0, "animationType": 0 } }
2026-08-12T18:44:16+0000 e2b.local amp-svc-jftse-tfn2-relay[537804]: CMSGRelay { "id": "0x414", "len": 19, "data": { "packet": "00 00 00 00 C9 32 0B 00 00 00 30 F8 2C CF 00 00 00 00 00" } }
2026-08-12T18:44:16+0000 e2b.local amp-svc-jftse-tfn2-relay[537804]: SMSGPlayerAnimation { "id": "0x32C9", "len": 11, "data": { "playerPosition": 0, "absoluteXPositionOnMap": -2000, "absoluteYPositionOnMap": -12500, "relativeXMovement": 0, "relativeYMovement": 0, "animationType": 0 } }
2026-08-12T18:44:16+0000 e2b.local amp-svc-jftse-tfn2-relay[537804]: SMSGPlayerAnimation { "id": "0x32C9", "len": 11, "data": { "playerPosition": 0, "absoluteXPositionOnMap": -2000, "absoluteYPositionOnMap": -12500, "relativeXMovement": 0, "relativeYMovement": 0, "animationType": 0 } }
2026-08-12T18:44:16+0000 e2b.local amp-svc-jftse-tfn2-relay[537804]: CMSGRelay { "id": "0x414", "len": 19, "data": { "packet": "00 00 00 00 C9 32 0B 00 00 00 30 F8 2C CF 00 00 00 00 00" } }
2026-08-12T18:44:16+0000 e2b.local amp-svc-jftse-tfn2-relay[537804]: SMSGPlayerAnimation { "id": "0x32C9", "len": 11, "data": { "playerPosition": 0, "absoluteXPositionOnMap": -2000, "absoluteYPositionOnMap": -12500, "relativeXMovement": 0, "relativeYMovement": 0, "animationType": 0 } }
2026-08-12T18:44:16+0000 e2b.local amp-svc-jftse-tfn2-relay[537804]: SMSGPlayerAnimation { "id": "0x32C9", "len": 11, "data": { "playerPosition": 0, "absoluteXPositionOnMap": -2000, "absoluteYPositionOnMap": -12500, "relativeXMovement": 0, "relativeYMovement": 0, "animationType": 0 } }
2026-08-12T18:44:16+0000 e2b.local amp-svc-jftse-tfn2-relay[537804]: CMSGRelay { "id": "0x414", "len": 19, "data": { "packet": "00 00 00 00 C9 32 0B 00 00 00 30 F8 2C CF 00 00 00 00 00" } }
2026-08-12T18:44:16+0000 e2b.local amp-svc-jftse-tfn2-relay[537804]: SMSGPlayerAnimation { "id": "0x32C9", "len": 11, "data": { "playerPosition": 0, "absoluteXPositionOnMap": -2000, "absoluteYPositionOnMap": -12500, "relativeXMovement": 0, "relativeYMovement": 0, "animationType": 0 } }
2026-08-12T18:44:16+0000 e2b.local amp-svc-jftse-tfn2-relay[537804]: SMSGPlayerAnimation { "id": "0x32C9", "len": 11, "data": { "playerPosition": 0, "absoluteXPositionOnMap": -2000, "absoluteYPositionOnMap": -12500, "relativeXMovement": 0, "relativeYMovement": 0, "animationType": 0 } }
2026-08-12T18:44:16+0000 e2b.local amp-svc-jftse-tfn2-relay[537804]: CMSGRelay { "id": "0x414", "len": 19, "data": { "packet": "00 00 00 00 C9 32 0B 00 00 00 30 F8 2C CF 00 00 00 00 00" } }
2026-08-12T18:44:16+0000 e2b.local amp-svc-jftse-tfn2-relay[537804]: SMSGPlayerAnimation { "id": "0x32C9", "len": 11, "data": { "playerPosition": 0, "absoluteXPositionOnMap": -2000, "absoluteYPositionOnMap": -12500, "relativeXMovement": 0, "relativeYMovement": 0, "animationType": 0 } }
2026-08-12T18:44:16+0000 e2b.local amp-svc-jftse-tfn2-relay[537804]: SMSGPlayerAnimation { "id": "0x32C9", "len": 11, "data": { "playerPosition": 0, "absoluteXPositionOnMap": -2000, "absoluteYPositionOnMap": -12500, "relativeXMovement": 0, "relativeYMovement": 0, "animationType": 0 } }
2026-08-12T18:44:16+0000 e2b.local amp-svc-jftse-tfn2-relay[537804]: CMSGRelay { "id": "0x414", "len": 19, "data": { "packet": "00 00 00 00 C9 32 0B 00 00 00 30 F8 2C CF 00 00 00 00 00" } }
2026-08-12T18:44:16+0000 e2b.local amp-svc-jftse-tfn2-relay[537804]: SMSGPlayerAnimation { "id": "0x32C9", "len": 11, "data": { "playerPosition": 0, "absoluteXPositionOnMap": -2000, "absoluteYPositionOnMap": -12500, "relativeXMovement": 0, "relativeYMovement": 0, "animationType": 0 } }
2026-08-12T18:44:16+0000 e2b.local amp-svc-jftse-tfn2-relay[537804]: SMSGPlayerAnimation { "id": "0x32C9", "len": 11, "data": { "playerPosition": 0, "absoluteXPositionOnMap": -2000, "absoluteYPositionOnMap": -12500, "relativeXMovement": 0, "relativeYMovement": 0, "animationType": 0 } }
2026-08-12T18:44:16+0000 e2b.local amp-svc-jftse-tfn2-relay[537804]: CMSGRelay { "id": "0x414", "len": 19, "data": { "packet": "00 00 00 00 C9 32 0B 00 00 00 30 F8 2C CF 00 00 00 00 00" } }
2026-08-12T18:44:16+0000 e2b.local amp-svc-jftse-tfn2-relay[537804]: SMSGPlayerAnimation { "id": "0x32C9", "len": 11, "data": { "playerPosition": 0, "absoluteXPositionOnMap": -2000, "absoluteYPositionOnMap": -12500, "relativeXMovement": 0, "relativeYMovement": 0, "animationType": 0 } }
2026-08-12T18:44:16+0000 e2b.local amp-svc-jftse-tfn2-relay[537804]: SMSGPlayerAnimation { "id": "0x32C9", "len": 11, "data": { "playerPosition": 0, "absoluteXPositionOnMap": -2000, "absoluteYPositionOnMap": -12500, "relativeXMovement": 0, "relativeYMovement": 0, "animationType": 0 } }
2026-08-12T18:44:16+0000 e2b.local amp-svc-jftse-tfn2-relay[537804]: CMSGRelay { "id": "0x414", "len": 19, "data": { "packet": "00 00 00 00 C9 32 0B 00 00 00 30 F8 2C CF 00 00 00 00 00" } }
2026-08-12T18:44:16+0000 e2b.local amp-svc-jftse-tfn2-relay[537804]: SMSGPlayerAnimation { "id": "0x32C9", "len": 11, "data": { "playerPosition": 0, "absoluteXPositionOnMap": -2000, "absoluteYPositionOnMap": -12500, "relativeXMovement": 0, "relativeYMovement": 0, "animationType": 0 } }
2026-08-12T18:44:16+0000 e2b.local amp-svc-jftse-tfn2-relay[537804]: SMSGPlayerAnimation { "id": "0x32C9", "len": 11, "data": { "playerPosition": 0, "absoluteXPositionOnMap": -2000, "absoluteYPositionOnMap": -12500, "relativeXMovement": 0, "relativeYMovement": 0, "animationType": 0 } }
2026-08-12T18:44:29+0000 e2b.local amp-svc-jftse-tfn2-relay[537804]: 2026-08-12 18:44:29,716 [epollEventLoopGroup-3-1] TCPChannelHandler [channelInactive] INFO  (/127.0.0.1:38856) Channel Inactive
2026-08-12T18:44:29+0000 e2b.local amp-svc-jftse-tfn2-relay[537804]: 2026-08-12 18:44:29,717 [epollEventLoopGroup-3-1] TCPChannelHandler [disconnected0] INFO  (/127.0.0.1:38856) Client disconnected
2026-08-12T18:44:29+0000 e2b.local amp-svc-jftse-tfn2-relay[537804]: 2026-08-12 18:44:29,765 [epollEventLoopGroup-3-2] TCPChannelHandler [channelInactive] INFO  (/127.0.0.1:38870) Channel Inactive
2026-08-12T18:44:29+0000 e2b.local amp-svc-jftse-tfn2-relay[537804]: 2026-08-12 18:44:29,765 [epollEventLoopGroup-3-2] TCPChannelHandler [disconnected0] INFO  (/127.0.0.1:38870) Client disconnected

Earlier registration exchange from the same two isolated native clients:
2026-08-12T17:50:03+0000 e2b.local amp-svc-jftse-tfn2-relay[537804]: 2026-08-12 17:50:03,187 [main] PacketRegistry [register] INFO  com.jftse.server.core.shared.packets.relay.CMSGPlayerJoinSession 0x3ED(1005)
2026-08-12T18:21:59+0000 e2b.local amp-svc-jftse-tfn2-relay[537804]: CMSGPlayerJoinSession { "id": "0x3ED", "len": 21, "data": { "sessionId": 98145, "isSpectator": false, "playerIds": [2, 1, 0, 0] } }
2026-08-12T18:21:59+0000 e2b.local amp-svc-jftse-tfn2-relay[537804]: 2026-08-12 18:21:59,884 [ServerUpdateLoop] RegisterPlayerForSessionHandler [handle] INFO  playerId 2 connected for session: 98145
2026-08-12T18:21:59+0000 e2b.local amp-svc-jftse-tfn2-relay[537804]: CMSGPlayerJoinSession { "id": "0x3ED", "len": 21, "data": { "sessionId": 98145, "isSpectator": false, "playerIds": [1, 2, 0, 0] } }
2026-08-12T18:21:59+0000 e2b.local amp-svc-jftse-tfn2-relay[537804]: SMSGPlayerJoinSessionResult { "id": "0x3EF", "len": 1, "data": { "result": 0 } }
2026-08-12T18:21:59+0000 e2b.local amp-svc-jftse-tfn2-relay[537804]: 2026-08-12 18:21:59,896 [ServerUpdateLoop] RegisterPlayerForSessionHandler [handle] INFO  playerId 1 connected for session: 98145
2026-08-12T18:21:59+0000 e2b.local amp-svc-jftse-tfn2-relay[537804]: SMSGPlayerJoinSessionResult { "id": "0x3EF", "len": 1, "data": { "result": 0 } }
