CMSGRoomCreateQuick { "id": "0x138F", "len": 4, "data": { "roomType": 0, "mode": 0, "players": 0 } }
--- Hex Dump ---
36 57 53 07 8F 13 04 00    00 00 00 00             
===
2026-08-12 10:09:29,863 [epollEventLoopGroup-3-3] PacketLogger [encode] DEBUG SEND [16 bytes]
Packet { "id": "0x138A", "len": 8, "data": 00 00 06 00 00 00 00 00 }
--- Hex Dump ---
FB 89 49 08 8A 13 08 00    00 00 06 00 00 00 00 00 
===
2026-08-12 10:09:29,863 [epollEventLoopGroup-3-3] PacketLogger [encode] DEBUG SEND [61 bytes]
Packet { "id": "0x177A", "len": 53, "data": 00 00 43 00 4D 00 48 00 6F 00 73 00 74 00 41 00 27 00 73 00 20 00 72 00 6F 00 6F 00 6D 00 00 00 06 00 00 00 00 00 00 00 00 02 00 01 FF 00 00 00 00 01 00 00 00 }
--- Hex Dump ---
BE 63 07 08 7A 17 35 00    00 00 43 00 4D 00 48 00 
6F 00 73 00 74 00 41 00    27 00 73 00 20 00 72 00 
6F 00 6F 00 6D 00 00 00    06 00 00 00 00 00 00 00 
00 02 00 01 FF 00 00 00    00 01 00 00 00          
===
2026-08-12 10:09:29,863 [epollEventLoopGroup-3-3] PacketLogger [encode] DEBUG SEND [202 bytes]
Packet { "id": "0x1394", "len": 194, "data": 01 00 00 00 43 00 4D 00 48 00 6F 00 73 00 74 00 41 00 00 00 01 00 01 00 00 00 00 00 43 00 4D 00 48 00 6F 00 73 00 74 00 47 00 75 00 69 00 6C 00 64 00 00 00 00 00 00 00 00 00 00 00 00 00 00 00 00 00 00 00 00 00 00 00 00 00 00 00 00 00 00 00 00 00 00 00 00 00 00 00 00 00 00 00 C8 00 00 00 0F 0F 0F 0F 00 00 00 00 00 00 00 00 00 00 00 00 00 00 00 00 00 00 00 00 00 00 00 00 00 00 00 00 00 00 00 00 00 00 00 00 00 00 00 00 00 00 00 00 00 00 00 00 00 00 00 00 00 00 00 00 00 00 00 00 00 00 00 00 00 00 00 00 00 00 00 00 00 00 00 00 00 00 00 00 00 00 00 00 00 00 00 00 00 00 00 00 00 00 }
--- Hex Dump ---
19 5F 01 08 94 13 C2 00    01 00 00 00 43 00 4D 00 
48 00 6F 00 73 00 74 00    41 00 00 00 01 00 01 00 
00 00 00 00 43 00 4D 00    48 00 6F 00 73 00 74 00 
47 00 75 00 69 00 6C 00    64 00 00 00 00 00 00 00 

00 00 00 00 00 00 00 00    00 00 00 00 00 00 00 00 
00 00 00 00 00 00 00 00    00 00 00 00 00 00 00 00 
00 00 00 00 C8 00 00 00    0F 0F 0F 0F 00 00 00 00 
00 00 00 00 00 00 00 00    00 00 00 00 00 00 00 00 

00 00 00 00 00 00 00 00    00 00 00 00 00 00 00 00 
00 00 00 00 00 00 00 00    00 00 00 00 00 00 00 00 
00 00 00 00 00 00 00 00    00 00 00 00 00 00 00 00 
00 00 00 00 00 00 00 00    00 00 00 00 00 00 00 00 

00 00 00 00 00 00 00 00    00 00                   
===
2026-08-12 10:09:29,863 [epollEventLoopGroup-3-3] PacketLogger [encode] DEBUG SEND [12 bytes]
Packet { "id": "0x26FF", "len": 4, "data": 05 00 00 00 }
--- Hex Dump ---
36 57 E9 07 FF 26 04 00    05 00 00 00             
===
2026-08-12 10:09:29,864 [epollEventLoopGroup-3-4] PacketLogger [encode] DEBUG SEND [66 bytes]
Packet { "id": "0x138E", "len": 58, "data": 01 00 00 00 43 00 4D 00 48 00 6F 00 73 00 74 00 41 00 27 00 73 00 20 00 72 00 6F 00 6F 00 6D 00 00 00 06 00 00 00 00 00 00 00 00 01 00 00 00 02 00 01 FF 00 00 00 00 01 00 00 }
--- Hex Dump ---
40 6C A7 07 8E 13 3A 00    01 00 00 00 43 00 4D 00 
48 00 6F 00 73 00 74 00    41 00 27 00 73 00 20 00 
72 00 6F 00 6F 00 6D 00    00 00 06 00 00 00 00 00 
00 00 00 01 00 00 00 02    00 01 FF 00 00 00 00 01 

00 00                                              
